[dogespeedminer.com/index.html]
[backblue.gif]
[fade.gif]
[index.html]
[dogespeedminer.com/img/dogeminer-favicon8518.png]
[dogespeedminer.com/css/bootstrap.min.css]
[dogespeedminer.com/css/style2892f.css]
[dogespeedminer.com/index-2.html]
[dogespeedminer.com/payouts.html]
[dogespeedminer.com/faq.html]
[dogespeedminer.com/contacts.html]
[dogespeedminer.com/img/twite.png]
[dogespeedminer.com/img/teleg.png]
[dogespeedminer.com/img/tarif/6.png]
[dogespeedminer.com/img/tarif/1.png]
[dogespeedminer.com/img/tarif/2.png]
[dogespeedminer.com/img/tarif/3.png]
[dogespeedminer.com/img/tarif/4.png]
[dogespeedminer.com/img/tarif/_1.png]
[dogespeedminer.com/img/tarif/_2.png]
[dogespeedminer.com/img/tarif/_3.png]
[dogespeedminer.com/img/tarif/_4.png]
[dogespeedminer.com/img/ajax-load.gif]
[dogespeedminer.com/js/bootstrap.min.js]
[dogespeedminer.com/js/jquery.min.js]
[dogespeedminer.com/index.html]
[dogespeedminer.com/js/global1.js]
[dogespeedminer.com/css/bootstrap.min.css]
[dogespeedminer.com/img/logo.png]
[dogespeedminer.com/img/logo2-1.png]
[dogespeedminer.com/img/bg1.jpg]
[dogespeedminer.com/img/bg1_pattern.png]
[dogespeedminer.com/img/border-top.png]
[dogespeedminer.com/css/style2892f.css]
[dogespeedminer.com/index-2.html]
[dogespeedminer.com/payouts.html]
[dogespeedminer.com/faq.html]
[dogespeedminer.com/contacts.html]
[dogespeedminer.com/fonts/glyphicons-halflings-regular.html]
[dogespeedminer.com/fonts/glyphicons-halflings-regulard41d.html]
[dogespeedminer.com/fonts/glyphicons-halflings-regular-2.html]
[dogespeedminer.com/fonts/glyphicons-halflings-regular-3.html]
[dogespeedminer.com/fonts/glyphicons-halflings-regular-4.html]
[dogespeedminer.com/fonts/glyphicons-halflings-regular-5.html]
[dogespeedminer.com/images/sl-arrow.html]
